2025-09-26 13:11:36,472 - ERROR - An error occurred during guide RNA generation
Traceback (most recent call last):
  File "C:\Users\dasak\OneDrive\Documents\Imperial\Foundry_Child_Lab\CORe-Designer\code\app.py", line 335, in get_gRNAs_action
    genomic_information_loci_extracted = extract_genomic_loci_from_genomic_information(genomic_information,genome_sequence_records)
                                         ^^^^^^^^^^^^^^^^^^^^^^^^^^^^^^^^^^^^^^^^^^^^^^^^^^^^^^^^^^^^^^^^^^^^^^^^^^^^^^^^^^^^^^^^^^
  File "C:\Users\dasak\OneDrive\Documents\Imperial\Foundry_Child_Lab\CORe-Designer\code\app_uniprot_id_to_genomic_loci_to_guide_generation.py", line 134, in extract_genomic_loci_from_genomic_information
    chromosome_id = str(genomic_information['gnCoordinate.genomicLocation.chromosome'].iloc[0])
                        ~~~~~~~~~~~~~~~~~~~^^^^^^^^^^^^^^^^^^^^^^^^^^^^^^^^^^^^^^^^^^^
  File "C:\Users\dasak\anaconda3\envs\coredesigner\Lib\site-packages\pandas\core\frame.py", line 4102, in __getitem__
    indexer = self.columns.get_loc(key)
              ^^^^^^^^^^^^^^^^^^^^^^^^^
  File "C:\Users\dasak\anaconda3\envs\coredesigner\Lib\site-packages\pandas\core\indexes\range.py", line 417, in get_loc
    raise KeyError(key)
KeyError: 'gnCoordinate.genomicLocation.chromosome'
2025-09-26 14:34:03,503 - ERROR - An error occurred during guide RNA generation
Traceback (most recent call last):
  File "C:\Users\dasak\OneDrive\Documents\Imperial\Foundry_Child_Lab\CORe-Designer\code\app.py", line 395, in get_gRNAs_action_custom
    print(genome_sequence_records)
          ^^^^^^^^^^^^^^^^^^^^^^^
UnboundLocalError: cannot access local variable 'genome_sequence_records' where it is not associated with a value
2025-09-26 14:34:40,142 - ERROR - An error occurred during guide RNA generation
Traceback (most recent call last):
  File "C:\Users\dasak\OneDrive\Documents\Imperial\Foundry_Child_Lab\CORe-Designer\code\app.py", line 395, in get_gRNAs_action_custom
    print(genome_sequence_records)
          ^^^^^^^^^^^^^^^^^^^^^^^
UnboundLocalError: cannot access local variable 'genome_sequence_records' where it is not associated with a value
2025-09-29 14:46:05,171 - ERROR - An error occurred during guide RNA generation
Traceback (most recent call last):
  File "C:\Users\dasak\OneDrive\Documents\Imperial\Foundry_Child_Lab\CORe-Designer\code\app.py", line 348, in get_gRNAs_action
    genomic_information_loci_extracted = extract_genomic_loci_from_genomic_information(genomic_information,genome_sequence_records)
                                         ^^^^^^^^^^^^^^^^^^^^^^^^^^^^^^^^^^^^^^^^^^^^^^^^^^^^^^^^^^^^^^^^^^^^^^^^^^^^^^^^^^^^^^^^^^
  File "C:\Users\dasak\OneDrive\Documents\Imperial\Foundry_Child_Lab\CORe-Designer\code\app_uniprot_id_to_genomic_loci_to_guide_generation.py", line 134, in extract_genomic_loci_from_genomic_information
    chromosome_id = str(genomic_information['gnCoordinate.genomicLocation.chromosome'].iloc[0])
                        ~~~~~~~~~~~~~~~~~~~^^^^^^^^^^^^^^^^^^^^^^^^^^^^^^^^^^^^^^^^^^^
  File "C:\Users\dasak\anaconda3\envs\coredesigner\Lib\site-packages\pandas\core\frame.py", line 4102, in __getitem__
    indexer = self.columns.get_loc(key)
              ^^^^^^^^^^^^^^^^^^^^^^^^^
  File "C:\Users\dasak\anaconda3\envs\coredesigner\Lib\site-packages\pandas\core\indexes\range.py", line 417, in get_loc
    raise KeyError(key)
KeyError: 'gnCoordinate.genomicLocation.chromosome'
